
> medium-blog-navigation@0.1.0 research:anomalies:check
> node scripts/build_anomaly_visuals.mjs --check && node scripts/render_anomaly_incidents.mjs --check && node scripts/build_anomaly_revision.mjs --check && node scripts/build_anomaly_audit.mjs --check && node scripts/validate_anomaly_incidents.mjs && node --test tests/anomaly-revision.test.mjs tests/anomaly-visuals.test.mjs

Verified 55 figures: 28 active SVG variants and 41 unchanged uploaded images.
Incident rendering current: 15 types, 30 mappings, 17 cases.
Revision current: 8 canonical queries, 44 preserved historical images, 17 legacy anchor aliases.
Reconciled audit: 59 entries; {"corrected_in_revision":54,"documented_conflict_not_resolved_upstream":1,"historical_not_revalidated":1,"not_established":2,"requires_publication_access":1}
PASS evidence: 15 types, 30 mappings, 17 distinct cases, 17 sources, 17 techniques.
PASS integration: 4 reciprocal article links, linked tags, source/asset parity, one authored H1.
PASS preservation: all 192 article routes/canonicals unchanged; 44 historical images retained, 11 superseded blocks archived, 8 maintained KQL examples.
TAP version 13
# Subtest: all previous article anchors are retained without duplicates
ok 1 - all previous article anchors are retained without duplicates
  ---
  duration_ms: 2.888977
  type: 'test'
  ...
# Subtest: local TOC fragments resolve
ok 2 - local TOC fragments resolve
  ---
  duration_ms: 1.112225
  type: 'test'
  ...
# Subtest: one title, subtitle, meaningful footer and no orphaned query placeholders
ok 3 - one title, subtitle, meaningful footer and no orphaned query placeholders
  ---
  duration_ms: 0.717377
  type: 'test'
  ...
# Subtest: all original findings and review rows have reconciled dispositions
ok 4 - all original findings and review rows have reconciled dispositions
  ---
  duration_ms: 0.344866
  type: 'test'
  ...
# Subtest: rendered KQL is exactly the tested canonical query source
ok 5 - rendered KQL is exactly the tested canonical query source
  ---
  duration_ms: 1.353268
  type: 'test'
  ...
# Subtest: public replay preserves the single-ticket miss and real source correlation
ok 6 - public replay preserves the single-ticket miss and real source correlation
  ---
  duration_ms: 0.191278
  type: 'test'
  ...
# Subtest: synthetic study is labeled and does not hide gate recall loss
ok 7 - synthetic study is labeled and does not hide gate recall loss
  ---
  duration_ms: 0.64332
  type: 'test'
  ...
# Subtest: corrected guidance does not regress to known dangerous claims
ok 8 - corrected guidance does not regress to known dangerous claims
  ---
  duration_ms: 0.8668
  type: 'test'
  ...
# Subtest: all historical images and code remain available but explicitly superseded
ok 9 - all historical images and code remain available but explicitly superseded
  ---
  duration_ms: 1.619206
  type: 'test'
  ...
# Subtest: caption links and scrolling tables retain keyboard and non-color affordances
ok 10 - caption links and scrolling tables retain keyboard and non-color affordances
  ---
  duration_ms: 2.00967
  type: 'test'
  ...
# Subtest: 55 distinct figures cover definitions, all topics, register, campaigns and nine source subsections
ok 11 - 55 distinct figures cover definitions, all topics, register, campaigns and nine source subsections
  ---
  duration_ms: 1.054628
  type: 'test'
  ...
# Subtest: every figure is inline exactly once, in numbered reading order, before the historical appendix
ok 12 - every figure is inline exactly once, in numbered reading order, before the historical appendix
  ---
  duration_ms: 21.96815
  type: 'test'
  ...
# Subtest: figure placements fail closed if a required boundary changes
ok 13 - figure placements fail closed if a required boundary changes
  ---
  duration_ms: 14.610271
  type: 'test'
  ...
# Subtest: each graphic has evidence labels, source links, a boundary and accessible metadata
ok 14 - each graphic has evidence labels, source links, a boundary and accessible metadata
  ---
  duration_ms: 39.431782
  type: 'test'
  ...
# Subtest: 28 active SVG variants and 41 original PNG/JPEG uploads match evidence hashes
ok 15 - 28 active SVG variants and 41 original PNG/JPEG uploads match evidence hashes
  ---
  duration_ms: 146.855374
  type: 'test'
  ...
# Subtest: base-rate arithmetic and entropy examples are exact
ok 16 - base-rate arithmetic and entropy examples are exact
  ---
  duration_ms: 0.341691
  type: 'test'
  ...
# Subtest: the social-preview PNG is bound to the current SVG and catalog metadata
ok 17 - the social-preview PNG is bound to the current SVG and catalog metadata
  ---
  duration_ms: 0.429208
  type: 'test'
  ...
# Subtest: measured visuals use the recorded outputs without concealing the zero-match case
ok 18 - measured visuals use the recorded outputs without concealing the zero-match case
  ---
  duration_ms: 2.475144
  type: 'test'
  ...
# Subtest: no old images or measured query evidence is overwritten by the visual replacement
ok 19 - no old images or measured query evidence is overwritten by the visual replacement
  ---
  duration_ms: 1.017327
  type: 'test'
  ...
# Subtest: all user originals have unchanged bytes and verified PNG/JPEG dimensions
ok 20 - all user originals have unchanged bytes and verified PNG/JPEG dimensions
  ---
  duration_ms: 41.691107
  type: 'test'
  ...
# Subtest: uploaded concepts and taxonomy figures appear in their exact sections
ok 21 - uploaded concepts and taxonomy figures appear in their exact sections
  ---
  duration_ms: 1.117437
  type: 'test'
  ...
# Subtest: malformed or truncated raster headers fail closed
ok 22 - malformed or truncated raster headers fail closed
  ---
  duration_ms: 0.262912
  type: 'test'
  ...
# Subtest: the register image is tied to real counts and fails closed on count/date changes
ok 23 - the register image is tied to real counts and fails closed on count/date changes
  ---
  duration_ms: 1.859559
  type: 'test'
  ...
# Subtest: absence timing and correlation caveats match the supplied illustrations
ok 24 - absence timing and correlation caveats match the supplied illustrations
  ---
  duration_ms: 0.260982
  type: 'test'
  ...
# Subtest: replaced SVG asset URLs and the old combined-figure anchor remain available
ok 25 - replaced SVG asset URLs and the old combined-figure anchor remain available
  ---
  duration_ms: 0.704586
  type: 'test'
  ...
# Subtest: critical incident corrections retain the right source and scope
ok 26 - critical incident corrections retain the right source and scope
  ---
  duration_ms: 0.201473
  type: 'test'
  ...
# Subtest: all 12 incident uploads replace only their matching Section 4 figures
ok 27 - all 12 incident uploads replace only their matching Section 4 figures
  ---
  duration_ms: 2.27143
  type: 'test'
  ...
# Subtest: supplied source key stays byte-bound and all S01-S14 codes resolve near their images
ok 28 - supplied source key stays byte-bound and all S01-S14 codes resolve near their images
  ---
  duration_ms: 0.668942
  type: 'test'
  ...
# Subtest: incident captions qualify channel overlap, separate reports, source limits and attribution
ok 29 - incident captions qualify channel overlap, separate reports, source limits and attribution
  ---
  duration_ms: 0.253139
  type: 'test'
  ...
# Subtest: nine detection-source graphics occupy exactly their matching subsections without changing prose
ok 30 - nine detection-source graphics occupy exactly their matching subsections without changing prose
  ---
  duration_ms: 2.387038
  type: 'test'
  ...
# Subtest: all 14 detection-package members match supplied metadata and retained document hashes
ok 31 - all 14 detection-package members match supplied metadata and retained document hashes
  ---
  duration_ms: 18.809052
  type: 'test'
  ...
# Subtest: DNS and SaaS synthetic figures fail closed if baked-in values or units drift
ok 32 - DNS and SaaS synthetic figures fail closed if baked-in values or units drift
  ---
  duration_ms: 4.080516
  type: 'test'
  ...
# Subtest: source guides resolve their codes and keep EDR keys, cloud limits and planning scope explicit
ok 33 - source guides resolve their codes and keep EDR keys, cloud limits and planning scope explicit
  ---
  duration_ms: 0.495932
  type: 'test'
  ...
1..33
# tests 33
# suites 0
# pass 33
# fail 0
# cancelled 0
# skipped 0
# todo 0
# duration_ms 409.184544
