{
  "passed": true,
  "assets": 110,
  "article": [
    {
      "width": 390,
      "theme": "light",
      "figures_loaded": 55,
      "aspect_ratios": true,
      "overflow": false,
      "accessibility_violations": [],
      "expanded_transcripts_checked": 55,
      "keyboard_scroll_tables": 6
    },
    {
      "width": 390,
      "theme": "dark",
      "figures_loaded": 55,
      "aspect_ratios": true,
      "overflow": false,
      "accessibility_violations": [],
      "expanded_transcripts_checked": 55,
      "keyboard_scroll_tables": 6
    },
    {
      "width": 768,
      "theme": "light",
      "figures_loaded": 55,
      "aspect_ratios": true,
      "overflow": false,
      "accessibility_violations": [],
      "expanded_transcripts_checked": 55,
      "keyboard_scroll_tables": 0
    },
    {
      "width": 768,
      "theme": "dark",
      "figures_loaded": 55,
      "aspect_ratios": true,
      "overflow": false,
      "accessibility_violations": [],
      "expanded_transcripts_checked": 55,
      "keyboard_scroll_tables": 0
    },
    {
      "width": 1440,
      "theme": "light",
      "figures_loaded": 55,
      "aspect_ratios": true,
      "overflow": false,
      "accessibility_violations": [],
      "expanded_transcripts_checked": 55,
      "keyboard_scroll_tables": 0
    },
    {
      "width": 1440,
      "theme": "dark",
      "figures_loaded": 55,
      "aspect_ratios": true,
      "overflow": false,
      "accessibility_violations": [],
      "expanded_transcripts_checked": 55,
      "keyboard_scroll_tables": 0
    },
    {
      "javascript_errors": []
    }
  ],
  "failures": []
}
