
> medium-blog-navigation@0.1.0 research:anomalies:check
> node scripts/render_anomaly_incidents.mjs --check && node scripts/build_anomaly_revision.mjs --check && node scripts/build_anomaly_audit.mjs --check && node scripts/validate_anomaly_incidents.mjs && node --test tests/anomaly-revision.test.mjs

Incident rendering current: 15 types, 30 mappings, 17 cases.
Revision current: 8 canonical queries, 44 preserved historical images, 17 legacy anchor aliases.
Reconciled audit: 59 entries; {"corrected_in_revision":54,"documented_conflict_not_resolved_upstream":1,"historical_not_revalidated":1,"not_established":2,"requires_publication_access":1}
PASS evidence: 15 types, 30 mappings, 17 distinct cases, 17 sources, 17 techniques.
PASS integration: 4 reciprocal article links, linked tags, source/asset parity, one authored H1.
PASS preservation: all 192 article routes/canonicals unchanged; 44 historical images retained, 11 superseded blocks archived, 8 maintained KQL examples.
TAP version 13
# Subtest: all previous article anchors are retained without duplicates
ok 1 - all previous article anchors are retained without duplicates
  ---
  duration_ms: 3.357144
  type: 'test'
  ...
# Subtest: local TOC fragments resolve
ok 2 - local TOC fragments resolve
  ---
  duration_ms: 1.184252
  type: 'test'
  ...
# Subtest: one title, subtitle, meaningful footer and no orphaned query placeholders
ok 3 - one title, subtitle, meaningful footer and no orphaned query placeholders
  ---
  duration_ms: 0.742553
  type: 'test'
  ...
# Subtest: all original findings and review rows have reconciled dispositions
ok 4 - all original findings and review rows have reconciled dispositions
  ---
  duration_ms: 0.337986
  type: 'test'
  ...
# Subtest: rendered KQL is exactly the tested canonical query source
ok 5 - rendered KQL is exactly the tested canonical query source
  ---
  duration_ms: 1.568986
  type: 'test'
  ...
# Subtest: public replay preserves the single-ticket miss and real source correlation
ok 6 - public replay preserves the single-ticket miss and real source correlation
  ---
  duration_ms: 0.300144
  type: 'test'
  ...
# Subtest: synthetic study is labeled and does not hide gate recall loss
ok 7 - synthetic study is labeled and does not hide gate recall loss
  ---
  duration_ms: 0.671754
  type: 'test'
  ...
# Subtest: corrected guidance does not regress to known dangerous claims
ok 8 - corrected guidance does not regress to known dangerous claims
  ---
  duration_ms: 0.813244
  type: 'test'
  ...
# Subtest: all historical images and code remain available but explicitly superseded
ok 9 - all historical images and code remain available but explicitly superseded
  ---
  duration_ms: 1.667809
  type: 'test'
  ...
1..9
# tests 9
# suites 0
# pass 9
# fail 0
# cancelled 0
# skipped 0
# todo 0
# duration_ms 105.746943
