
> medium-blog-navigation@0.1.0 research:anomalies:check
> node scripts/build_anomaly_visuals.mjs --check && node scripts/render_anomaly_incidents.mjs --check && node scripts/build_anomaly_revision.mjs --check && node scripts/build_anomaly_audit.mjs --check && node scripts/validate_anomaly_incidents.mjs && node --test tests/anomaly-revision.test.mjs tests/anomaly-visuals.test.mjs

Verified 47 figures: 54 active SVG variants and 20 unchanged uploaded images.
Incident rendering current: 15 types, 30 mappings, 17 cases.
Revision current: 8 canonical queries, 44 preserved historical images, 17 legacy anchor aliases.
Reconciled audit: 59 entries; {"corrected_in_revision":54,"documented_conflict_not_resolved_upstream":1,"historical_not_revalidated":1,"not_established":2,"requires_publication_access":1}
PASS evidence: 15 types, 30 mappings, 17 distinct cases, 17 sources, 17 techniques.
PASS integration: 4 reciprocal article links, linked tags, source/asset parity, one authored H1.
PASS preservation: all 192 article routes/canonicals unchanged; 44 historical images retained, 11 superseded blocks archived, 8 maintained KQL examples.
TAP version 13
# Subtest: all previous article anchors are retained without duplicates
ok 1 - all previous article anchors are retained without duplicates
  ---
  duration_ms: 30.018173
  type: 'test'
  ...
# Subtest: local TOC fragments resolve
ok 2 - local TOC fragments resolve
  ---
  duration_ms: 2.955624
  type: 'test'
  ...
# Subtest: one title, subtitle, meaningful footer and no orphaned query placeholders
ok 3 - one title, subtitle, meaningful footer and no orphaned query placeholders
  ---
  duration_ms: 1.282632
  type: 'test'
  ...
# Subtest: all original findings and review rows have reconciled dispositions
ok 4 - all original findings and review rows have reconciled dispositions
  ---
  duration_ms: 0.697376
  type: 'test'
  ...
# Subtest: rendered KQL is exactly the tested canonical query source
ok 5 - rendered KQL is exactly the tested canonical query source
  ---
  duration_ms: 2.576296
  type: 'test'
  ...
# Subtest: public replay preserves the single-ticket miss and real source correlation
ok 6 - public replay preserves the single-ticket miss and real source correlation
  ---
  duration_ms: 0.36732
  type: 'test'
  ...
# Subtest: synthetic study is labeled and does not hide gate recall loss
ok 7 - synthetic study is labeled and does not hide gate recall loss
  ---
  duration_ms: 0.915815
  type: 'test'
  ...
# Subtest: corrected guidance does not regress to known dangerous claims
ok 8 - corrected guidance does not regress to known dangerous claims
  ---
  duration_ms: 1.020043
  type: 'test'
  ...
# Subtest: all historical images and code remain available but explicitly superseded
ok 9 - all historical images and code remain available but explicitly superseded
  ---
  duration_ms: 2.977713
  type: 'test'
  ...
# Subtest: caption links and scrolling tables retain keyboard and non-color affordances
ok 10 - caption links and scrolling tables retain keyboard and non-color affordances
  ---
  duration_ms: 2.181941
  type: 'test'
  ...
# Subtest: 47 distinct figures cover four definitions, all 15 topics, the register and 12 campaign subsections
ok 11 - 47 distinct figures cover four definitions, all 15 topics, the register and 12 campaign subsections
  ---
  duration_ms: 2.071343
  type: 'test'
  ...
# Subtest: every figure is inline exactly once, in numbered reading order, before the historical appendix
ok 12 - every figure is inline exactly once, in numbered reading order, before the historical appendix
  ---
  duration_ms: 24.813069
  type: 'test'
  ...
# Subtest: figure placements fail closed if a required boundary changes
ok 13 - figure placements fail closed if a required boundary changes
  ---
  duration_ms: 63.32371
  type: 'test'
  ...
# Subtest: each graphic has evidence labels, source links, a boundary and accessible metadata
ok 14 - each graphic has evidence labels, source links, a boundary and accessible metadata
  ---
  duration_ms: 53.084592
  type: 'test'
  ...
# Subtest: 54 active SVG variants and 20 original PNG/JPEG uploads match evidence hashes
ok 15 - 54 active SVG variants and 20 original PNG/JPEG uploads match evidence hashes
  ---
  duration_ms: 115.66771
  type: 'test'
  ...
# Subtest: base-rate arithmetic and entropy examples are exact
ok 16 - base-rate arithmetic and entropy examples are exact
  ---
  duration_ms: 0.593543
  type: 'test'
  ...
# Subtest: the social-preview PNG is bound to the current SVG and catalog metadata
ok 17 - the social-preview PNG is bound to the current SVG and catalog metadata
  ---
  duration_ms: 0.595762
  type: 'test'
  ...
# Subtest: measured visuals use the recorded outputs without concealing the zero-match case
ok 18 - measured visuals use the recorded outputs without concealing the zero-match case
  ---
  duration_ms: 4.292111
  type: 'test'
  ...
# Subtest: no old images or measured query evidence is overwritten by the visual replacement
ok 19 - no old images or measured query evidence is overwritten by the visual replacement
  ---
  duration_ms: 1.800724
  type: 'test'
  ...
# Subtest: all user originals have unchanged bytes and verified PNG/JPEG dimensions
ok 20 - all user originals have unchanged bytes and verified PNG/JPEG dimensions
  ---
  duration_ms: 21.337817
  type: 'test'
  ...
# Subtest: uploaded concepts and taxonomy figures appear in their exact sections
ok 21 - uploaded concepts and taxonomy figures appear in their exact sections
  ---
  duration_ms: 1.266342
  type: 'test'
  ...
# Subtest: malformed or truncated raster headers fail closed
ok 22 - malformed or truncated raster headers fail closed
  ---
  duration_ms: 0.276663
  type: 'test'
  ...
# Subtest: the register image is tied to real counts and fails closed on count/date changes
ok 23 - the register image is tied to real counts and fails closed on count/date changes
  ---
  duration_ms: 1.651888
  type: 'test'
  ...
# Subtest: absence timing and correlation caveats match the supplied illustrations
ok 24 - absence timing and correlation caveats match the supplied illustrations
  ---
  duration_ms: 0.200387
  type: 'test'
  ...
# Subtest: replaced SVG asset URLs and the old combined-figure anchor remain available
ok 25 - replaced SVG asset URLs and the old combined-figure anchor remain available
  ---
  duration_ms: 0.481784
  type: 'test'
  ...
# Subtest: critical incident corrections retain the right source and scope
ok 26 - critical incident corrections retain the right source and scope
  ---
  duration_ms: 0.17858
  type: 'test'
  ...
1..26
# tests 26
# suites 0
# pass 26
# fail 0
# cancelled 0
# skipped 0
# todo 0
# duration_ms 523.989803
