
> medium-blog-navigation@0.1.0 research:anomalies:check
> node scripts/build_anomaly_visuals.mjs --check && node scripts/render_anomaly_incidents.mjs --check && node scripts/build_anomaly_revision.mjs --check && node scripts/build_anomaly_audit.mjs --check && node scripts/validate_anomaly_incidents.mjs && node --test tests/anomaly-revision.test.mjs tests/anomaly-visuals.test.mjs

Verified 46 figures: 64 active SVG variants and 14 unchanged uploaded PNGs.
Incident rendering current: 15 types, 30 mappings, 17 cases.
Revision current: 8 canonical queries, 44 preserved historical images, 17 legacy anchor aliases.
Reconciled audit: 59 entries; {"corrected_in_revision":54,"documented_conflict_not_resolved_upstream":1,"historical_not_revalidated":1,"not_established":2,"requires_publication_access":1}
PASS evidence: 15 types, 30 mappings, 17 distinct cases, 17 sources, 17 techniques.
PASS integration: 4 reciprocal article links, linked tags, source/asset parity, one authored H1.
PASS preservation: all 192 article routes/canonicals unchanged; 44 historical images retained, 11 superseded blocks archived, 8 maintained KQL examples.
TAP version 13
# Subtest: all previous article anchors are retained without duplicates
ok 1 - all previous article anchors are retained without duplicates
  ---
  duration_ms: 4.436586
  type: 'test'
  ...
# Subtest: local TOC fragments resolve
ok 2 - local TOC fragments resolve
  ---
  duration_ms: 1.338964
  type: 'test'
  ...
# Subtest: one title, subtitle, meaningful footer and no orphaned query placeholders
ok 3 - one title, subtitle, meaningful footer and no orphaned query placeholders
  ---
  duration_ms: 0.83741
  type: 'test'
  ...
# Subtest: all original findings and review rows have reconciled dispositions
ok 4 - all original findings and review rows have reconciled dispositions
  ---
  duration_ms: 0.338844
  type: 'test'
  ...
# Subtest: rendered KQL is exactly the tested canonical query source
ok 5 - rendered KQL is exactly the tested canonical query source
  ---
  duration_ms: 1.387088
  type: 'test'
  ...
# Subtest: public replay preserves the single-ticket miss and real source correlation
ok 6 - public replay preserves the single-ticket miss and real source correlation
  ---
  duration_ms: 0.222389
  type: 'test'
  ...
# Subtest: synthetic study is labeled and does not hide gate recall loss
ok 7 - synthetic study is labeled and does not hide gate recall loss
  ---
  duration_ms: 0.658739
  type: 'test'
  ...
# Subtest: corrected guidance does not regress to known dangerous claims
ok 8 - corrected guidance does not regress to known dangerous claims
  ---
  duration_ms: 0.792384
  type: 'test'
  ...
# Subtest: all historical images and code remain available but explicitly superseded
ok 9 - all historical images and code remain available but explicitly superseded
  ---
  duration_ms: 1.623752
  type: 'test'
  ...
# Subtest: caption links and scrolling tables retain keyboard and non-color affordances
ok 10 - caption links and scrolling tables retain keyboard and non-color affordances
  ---
  duration_ms: 1.888109
  type: 'test'
  ...
# Subtest: 46 distinct figures cover four definitions, all 15 topics and 12 campaign subsections
ok 11 - 46 distinct figures cover four definitions, all 15 topics and 12 campaign subsections
  ---
  duration_ms: 1.200778
  type: 'test'
  ...
# Subtest: every figure is inline exactly once, in numbered reading order, before the historical appendix
ok 12 - every figure is inline exactly once, in numbered reading order, before the historical appendix
  ---
  duration_ms: 18.275765
  type: 'test'
  ...
# Subtest: figure placements fail closed if a required boundary changes
ok 13 - figure placements fail closed if a required boundary changes
  ---
  duration_ms: 13.529838
  type: 'test'
  ...
# Subtest: each graphic has evidence labels, source links, a boundary and accessible metadata
ok 14 - each graphic has evidence labels, source links, a boundary and accessible metadata
  ---
  duration_ms: 89.942989
  type: 'test'
  ...
# Subtest: 64 active SVG variants and 14 uploaded PNGs match evidence hashes
ok 15 - 64 active SVG variants and 14 uploaded PNGs match evidence hashes
  ---
  duration_ms: 86.04994
  type: 'test'
  ...
# Subtest: base-rate arithmetic and entropy examples are exact
ok 16 - base-rate arithmetic and entropy examples are exact
  ---
  duration_ms: 0.522204
  type: 'test'
  ...
# Subtest: the social-preview PNG is bound to the current SVG and catalog metadata
ok 17 - the social-preview PNG is bound to the current SVG and catalog metadata
  ---
  duration_ms: 0.517525
  type: 'test'
  ...
# Subtest: measured visuals use the recorded outputs without concealing the zero-match case
ok 18 - measured visuals use the recorded outputs without concealing the zero-match case
  ---
  duration_ms: 2.790008
  type: 'test'
  ...
# Subtest: no old images or measured query evidence is overwritten by the visual replacement
ok 19 - no old images or measured query evidence is overwritten by the visual replacement
  ---
  duration_ms: 1.390468
  type: 'test'
  ...
# Subtest: all user originals have unchanged bytes and verified PNG dimensions
ok 20 - all user originals have unchanged bytes and verified PNG dimensions
  ---
  duration_ms: 14.959068
  type: 'test'
  ...
# Subtest: uploaded concepts and taxonomy figures appear in their exact sections
ok 21 - uploaded concepts and taxonomy figures appear in their exact sections
  ---
  duration_ms: 0.454314
  type: 'test'
  ...
# Subtest: replaced SVG asset URLs and the old combined-figure anchor remain available
ok 22 - replaced SVG asset URLs and the old combined-figure anchor remain available
  ---
  duration_ms: 0.752499
  type: 'test'
  ...
# Subtest: critical incident corrections retain the right source and scope
ok 23 - critical incident corrections retain the right source and scope
  ---
  duration_ms: 0.293309
  type: 'test'
  ...
1..23
# tests 23
# suites 0
# pass 23
# fail 0
# cancelled 0
# skipped 0
# todo 0
# duration_ms 323.155631
